AR synth_reg_w_init structural "C:/Documents and Settings/Danny/Desktop/senior_project_5/netlist_senior_proj_final_3_9_1/sysgen/ngc_verilog_SPwR/ngc_8Tez/template_results.vhd" sub00/vhpl14 1312410511
EN single_reg_w_init NULL "C:/Documents and Settings/Danny/Desktop/senior_project_5/netlist_senior_proj_final_3_9_1/sysgen/ngc_verilog_SPwR/ngc_8Tez/template_results.vhd" sub00/vhpl11 1312410508
PH clock_pkg NULL "C:/Documents and Settings/Danny/Desktop/senior_project_5/netlist_senior_proj_final_3_9_1/sysgen/ngc_verilog_SPwR/ngc_8Tez/template_results.vhd" sub00/vhpl04 1312410501
AR raminfr_xlfir_1ch_distributed_arithmetic_fir_filter_spartan3e_9_0_f05c7a1835c759f4caf0 syn "C:/Documents and Settings/Danny/Desktop/senior_project_5/netlist_senior_proj_final_3_9_1/sysgen/ngc_verilog_SPwR/ngc_8Tez/template_results.vhd" sub00/vhpl16 1312410513
AR synth_reg structural "C:/Documents and Settings/Danny/Desktop/senior_project_5/netlist_senior_proj_final_3_9_1/sysgen/ngc_verilog_SPwR/ngc_8Tez/template_results.vhd" sub00/vhpl08 1312410505
AR wrapped_xlfir_1ch_distributed_arithmetic_fir_filter_spartan3e_9_0_f05c7a1835c759f4caf0 behavior "C:/Documents and Settings/Danny/Desktop/senior_project_5/netlist_senior_proj_final_3_9_1/sysgen/ngc_verilog_SPwR/ngc_8Tez/template_results.vhd" sub00/vhpl20 1312410517
EN distributed_arithmetic_fir_filter_spartan3e_9_0_f05c7a1835c759f4 NULL "C:/Documents and Settings/Danny/Desktop/senior_project_5/netlist_senior_proj_final_3_9_1/sysgen/ngc_verilog_SPwR/ngc_8Tez/distributed_arithmetic_fir_filter_spartan3e_9_0_f05c7a1835c759f4.vhd" sub00/vhpl00 1312410497
EN synth_reg_w_init NULL "C:/Documents and Settings/Danny/Desktop/senior_project_5/netlist_senior_proj_final_3_9_1/sysgen/ngc_verilog_SPwR/ngc_8Tez/template_results.vhd" sub00/vhpl13 1312410510
PH conv_pkg NULL "C:/Documents and Settings/Danny/Desktop/senior_project_5/netlist_senior_proj_final_3_9_1/sysgen/ngc_verilog_SPwR/ngc_8Tez/template_results.vhd" sub00/vhpl02 1312410499
AR synth_reg_reg behav "C:/Documents and Settings/Danny/Desktop/senior_project_5/netlist_senior_proj_final_3_9_1/sysgen/ngc_verilog_SPwR/ngc_8Tez/template_results.vhd" sub00/vhpl10 1312410507
EN srl17e NULL "C:/Documents and Settings/Danny/Desktop/senior_project_5/netlist_senior_proj_final_3_9_1/sysgen/ngc_verilog_SPwR/ngc_8Tez/template_results.vhd" sub00/vhpl05 1312410502
EN synth_reg_reg NULL "C:/Documents and Settings/Danny/Desktop/senior_project_5/netlist_senior_proj_final_3_9_1/sysgen/ngc_verilog_SPwR/ngc_8Tez/template_results.vhd" sub00/vhpl09 1312410506
EN sync_fifo_xlfir_1ch_distributed_arithmetic_fir_filter_spartan3e_9_0_f05c7a1835c759f4caf0 NULL "C:/Documents and Settings/Danny/Desktop/senior_project_5/netlist_senior_proj_final_3_9_1/sysgen/ngc_verilog_SPwR/ngc_8Tez/template_results.vhd" sub00/vhpl17 1312410514
EN raminfr_xlfir_1ch_distributed_arithmetic_fir_filter_spartan3e_9_0_f05c7a1835c759f4caf0 NULL "C:/Documents and Settings/Danny/Desktop/senior_project_5/netlist_senior_proj_final_3_9_1/sysgen/ngc_verilog_SPwR/ngc_8Tez/template_results.vhd" sub00/vhpl15 1312410512
EN xlfir_1ch_distributed_arithmetic_fir_filter_spartan3e_9_0_f05c7a1835c759f4caf0 NULL "C:/Documents and Settings/Danny/Desktop/senior_project_5/netlist_senior_proj_final_3_9_1/sysgen/ngc_verilog_SPwR/ngc_8Tez/template_results.vhd" sub00/vhpl21 1312410518
AR single_reg_w_init structural "C:/Documents and Settings/Danny/Desktop/senior_project_5/netlist_senior_proj_final_3_9_1/sysgen/ngc_verilog_SPwR/ngc_8Tez/template_results.vhd" sub00/vhpl12 1312410509
EN wrapped_xlfir_1ch_distributed_arithmetic_fir_filter_spartan3e_9_0_f05c7a1835c759f4caf0 NULL "C:/Documents and Settings/Danny/Desktop/senior_project_5/netlist_senior_proj_final_3_9_1/sysgen/ngc_verilog_SPwR/ngc_8Tez/template_results.vhd" sub00/vhpl19 1312410516
EN synth_reg NULL "C:/Documents and Settings/Danny/Desktop/senior_project_5/netlist_senior_proj_final_3_9_1/sysgen/ngc_verilog_SPwR/ngc_8Tez/template_results.vhd" sub00/vhpl07 1312410504
AR sync_fifo_xlfir_1ch_distributed_arithmetic_fir_filter_spartan3e_9_0_f05c7a1835c759f4caf0 behavior "C:/Documents and Settings/Danny/Desktop/senior_project_5/netlist_senior_proj_final_3_9_1/sysgen/ngc_verilog_SPwR/ngc_8Tez/template_results.vhd" sub00/vhpl18 1312410515
PB conv_pkg conv_pkg "C:/Documents and Settings/Danny/Desktop/senior_project_5/netlist_senior_proj_final_3_9_1/sysgen/ngc_verilog_SPwR/ngc_8Tez/template_results.vhd" sub00/vhpl03 1312410500
AR distributed_arithmetic_fir_filter_spartan3e_9_0_f05c7a1835c759f4 distributed_arithmetic_fir_filter_spartan3e_9_0_f05c7a1835c759f4_a "C:/Documents and Settings/Danny/Desktop/senior_project_5/netlist_senior_proj_final_3_9_1/sysgen/ngc_verilog_SPwR/ngc_8Tez/distributed_arithmetic_fir_filter_spartan3e_9_0_f05c7a1835c759f4.vhd" sub00/vhpl01 1312410498
AR srl17e structural "C:/Documents and Settings/Danny/Desktop/senior_project_5/netlist_senior_proj_final_3_9_1/sysgen/ngc_verilog_SPwR/ngc_8Tez/template_results.vhd" sub00/vhpl06 1312410503
AR xlfir_1ch_distributed_arithmetic_fir_filter_spartan3e_9_0_f05c7a1835c759f4caf0 behavior "C:/Documents and Settings/Danny/Desktop/senior_project_5/netlist_senior_proj_final_3_9_1/sysgen/ngc_verilog_SPwR/ngc_8Tez/template_results.vhd" sub00/vhpl22 1312410519
