AR synth_reg_w_init structural "C:/Documents and Settings/Danny/Desktop/senior_project_5/netlist_senior_proj_final_3_9_1/sysgen/ngc_verilog_LJ5t/ngc_eAg8/template_results.vhd" sub00/vhpl14 1312410535
EN single_reg_w_init NULL "C:/Documents and Settings/Danny/Desktop/senior_project_5/netlist_senior_proj_final_3_9_1/sysgen/ngc_verilog_LJ5t/ngc_eAg8/template_results.vhd" sub00/vhpl11 1312410532
EN distributed_arithmetic_fir_filter_spartan3e_9_0_7845aeed55860293 NULL "C:/Documents and Settings/Danny/Desktop/senior_project_5/netlist_senior_proj_final_3_9_1/sysgen/ngc_verilog_LJ5t/ngc_eAg8/distributed_arithmetic_fir_filter_spartan3e_9_0_7845aeed55860293.vhd" sub00/vhpl00 1312410521
PH clock_pkg NULL "C:/Documents and Settings/Danny/Desktop/senior_project_5/netlist_senior_proj_final_3_9_1/sysgen/ngc_verilog_LJ5t/ngc_eAg8/template_results.vhd" sub00/vhpl04 1312410525
AR synth_reg structural "C:/Documents and Settings/Danny/Desktop/senior_project_5/netlist_senior_proj_final_3_9_1/sysgen/ngc_verilog_LJ5t/ngc_eAg8/template_results.vhd" sub00/vhpl08 1312410529
EN synth_reg_w_init NULL "C:/Documents and Settings/Danny/Desktop/senior_project_5/netlist_senior_proj_final_3_9_1/sysgen/ngc_verilog_LJ5t/ngc_eAg8/template_results.vhd" sub00/vhpl13 1312410534
AR distributed_arithmetic_fir_filter_spartan3e_9_0_7845aeed55860293 distributed_arithmetic_fir_filter_spartan3e_9_0_7845aeed55860293_a "C:/Documents and Settings/Danny/Desktop/senior_project_5/netlist_senior_proj_final_3_9_1/sysgen/ngc_verilog_LJ5t/ngc_eAg8/distributed_arithmetic_fir_filter_spartan3e_9_0_7845aeed55860293.vhd" sub00/vhpl01 1312410522
AR wrapped_xlfir_mch_distributed_arithmetic_fir_filter_spartan3e_9_0_7845aeed558602934c92 behavior "C:/Documents and Settings/Danny/Desktop/senior_project_5/netlist_senior_proj_final_3_9_1/sysgen/ngc_verilog_LJ5t/ngc_eAg8/template_results.vhd" sub00/vhpl16 1312410537
PH conv_pkg NULL "C:/Documents and Settings/Danny/Desktop/senior_project_5/netlist_senior_proj_final_3_9_1/sysgen/ngc_verilog_LJ5t/ngc_eAg8/template_results.vhd" sub00/vhpl02 1312410523
AR synth_reg_reg behav "C:/Documents and Settings/Danny/Desktop/senior_project_5/netlist_senior_proj_final_3_9_1/sysgen/ngc_verilog_LJ5t/ngc_eAg8/template_results.vhd" sub00/vhpl10 1312410531
EN srl17e NULL "C:/Documents and Settings/Danny/Desktop/senior_project_5/netlist_senior_proj_final_3_9_1/sysgen/ngc_verilog_LJ5t/ngc_eAg8/template_results.vhd" sub00/vhpl05 1312410526
EN synth_reg_reg NULL "C:/Documents and Settings/Danny/Desktop/senior_project_5/netlist_senior_proj_final_3_9_1/sysgen/ngc_verilog_LJ5t/ngc_eAg8/template_results.vhd" sub00/vhpl09 1312410530
AR single_reg_w_init structural "C:/Documents and Settings/Danny/Desktop/senior_project_5/netlist_senior_proj_final_3_9_1/sysgen/ngc_verilog_LJ5t/ngc_eAg8/template_results.vhd" sub00/vhpl12 1312410533
EN synth_reg NULL "C:/Documents and Settings/Danny/Desktop/senior_project_5/netlist_senior_proj_final_3_9_1/sysgen/ngc_verilog_LJ5t/ngc_eAg8/template_results.vhd" sub00/vhpl07 1312410528
AR xlfir_mch_distributed_arithmetic_fir_filter_spartan3e_9_0_7845aeed558602934c92 behavior "C:/Documents and Settings/Danny/Desktop/senior_project_5/netlist_senior_proj_final_3_9_1/sysgen/ngc_verilog_LJ5t/ngc_eAg8/template_results.vhd" sub00/vhpl18 1312410539
PB conv_pkg conv_pkg "C:/Documents and Settings/Danny/Desktop/senior_project_5/netlist_senior_proj_final_3_9_1/sysgen/ngc_verilog_LJ5t/ngc_eAg8/template_results.vhd" sub00/vhpl03 1312410524
EN xlfir_mch_distributed_arithmetic_fir_filter_spartan3e_9_0_7845aeed558602934c92 NULL "C:/Documents and Settings/Danny/Desktop/senior_project_5/netlist_senior_proj_final_3_9_1/sysgen/ngc_verilog_LJ5t/ngc_eAg8/template_results.vhd" sub00/vhpl17 1312410538
EN wrapped_xlfir_mch_distributed_arithmetic_fir_filter_spartan3e_9_0_7845aeed558602934c92 NULL "C:/Documents and Settings/Danny/Desktop/senior_project_5/netlist_senior_proj_final_3_9_1/sysgen/ngc_verilog_LJ5t/ngc_eAg8/template_results.vhd" sub00/vhpl15 1312410536
AR srl17e structural "C:/Documents and Settings/Danny/Desktop/senior_project_5/netlist_senior_proj_final_3_9_1/sysgen/ngc_verilog_LJ5t/ngc_eAg8/template_results.vhd" sub00/vhpl06 1312410527
