V3 32
FL "C:/Documents and Settings/Danny/Desktop/senior_project_5/netlist_senior_proj_final_3_9_1/sysgen/ngc_verilog_LJ5t/ngc_eAg8/distributed_arithmetic_fir_filter_spartan3e_9_0_7845aeed55860293.vhd" 2011/08/01.21:13:27 K.39
EN work/distributed_arithmetic_fir_filter_spartan3e_9_0_7845aeed55860293 1312410521 \
      FL "C:/Documents and Settings/Danny/Desktop/senior_project_5/netlist_senior_proj_final_3_9_1/sysgen/ngc_verilog_LJ5t/ngc_eAg8/distributed_arithmetic_fir_filter_spartan3e_9_0_7845aeed55860293.vhd" \
      PB ieee/std_logic_1164 1217055545
AR work/distributed_arithmetic_fir_filter_spartan3e_9_0_7845aeed55860293/distributed_arithmetic_fir_filter_spartan3e_9_0_7845aeed55860293_a 1312410522 \
      FL "C:/Documents and Settings/Danny/Desktop/senior_project_5/netlist_senior_proj_final_3_9_1/sysgen/ngc_verilog_LJ5t/ngc_eAg8/distributed_arithmetic_fir_filter_spartan3e_9_0_7845aeed55860293.vhd" \
      EN work/distributed_arithmetic_fir_filter_spartan3e_9_0_7845aeed55860293 1312410521
FL "C:/Documents and Settings/Danny/Desktop/senior_project_5/netlist_senior_proj_final_3_9_1/sysgen/ngc_verilog_LJ5t/ngc_eAg8/template_results.vhd" 2011/08/03.15:28:40 K.39
PH work/conv_pkg 1312410523 \
      FL "C:/Documents and Settings/Danny/Desktop/senior_project_5/netlist_senior_proj_final_3_9_1/sysgen/ngc_verilog_LJ5t/ngc_eAg8/template_results.vhd" \
      PB ieee/std_logic_1164 1217055545 PH ieee/NUMERIC_STD 1217055545
PB work/conv_pkg 1312410524 \
      FL "C:/Documents and Settings/Danny/Desktop/senior_project_5/netlist_senior_proj_final_3_9_1/sysgen/ngc_verilog_LJ5t/ngc_eAg8/template_results.vhd" \
      PH work/conv_pkg 1312410523
PH work/clock_pkg 1312410525 \
      FL "C:/Documents and Settings/Danny/Desktop/senior_project_5/netlist_senior_proj_final_3_9_1/sysgen/ngc_verilog_LJ5t/ngc_eAg8/template_results.vhd" \
      PB ieee/std_logic_1164 1217055545
EN work/srl17e 1312410526 \
      FL "C:/Documents and Settings/Danny/Desktop/senior_project_5/netlist_senior_proj_final_3_9_1/sysgen/ngc_verilog_LJ5t/ngc_eAg8/template_results.vhd" \
      PB ieee/std_logic_1164 1217055545 PB work/conv_pkg 1312410524
AR work/srl17e/structural 1312410527 \
      FL "C:/Documents and Settings/Danny/Desktop/senior_project_5/netlist_senior_proj_final_3_9_1/sysgen/ngc_verilog_LJ5t/ngc_eAg8/template_results.vhd" \
      EN work/srl17e 1312410526 CP srl16e CP fde
EN work/synth_reg 1312410528 \
      FL "C:/Documents and Settings/Danny/Desktop/senior_project_5/netlist_senior_proj_final_3_9_1/sysgen/ngc_verilog_LJ5t/ngc_eAg8/template_results.vhd" \
      PB ieee/std_logic_1164 1217055545 PB work/conv_pkg 1312410524
AR work/synth_reg/structural 1312410529 \
      FL "C:/Documents and Settings/Danny/Desktop/senior_project_5/netlist_senior_proj_final_3_9_1/sysgen/ngc_verilog_LJ5t/ngc_eAg8/template_results.vhd" \
      EN work/synth_reg 1312410528 CP srl17e
EN work/synth_reg_reg 1312410530 \
      FL "C:/Documents and Settings/Danny/Desktop/senior_project_5/netlist_senior_proj_final_3_9_1/sysgen/ngc_verilog_LJ5t/ngc_eAg8/template_results.vhd" \
      PB ieee/std_logic_1164 1217055545 PB work/conv_pkg 1312410524
AR work/synth_reg_reg/behav 1312410531 \
      FL "C:/Documents and Settings/Danny/Desktop/senior_project_5/netlist_senior_proj_final_3_9_1/sysgen/ngc_verilog_LJ5t/ngc_eAg8/template_results.vhd" \
      EN work/synth_reg_reg 1312410530
EN work/single_reg_w_init 1312410532 \
      FL "C:/Documents and Settings/Danny/Desktop/senior_project_5/netlist_senior_proj_final_3_9_1/sysgen/ngc_verilog_LJ5t/ngc_eAg8/template_results.vhd" \
      PB ieee/std_logic_1164 1217055545 PB work/conv_pkg 1312410524
AR work/single_reg_w_init/structural 1312410533 \
      FL "C:/Documents and Settings/Danny/Desktop/senior_project_5/netlist_senior_proj_final_3_9_1/sysgen/ngc_verilog_LJ5t/ngc_eAg8/template_results.vhd" \
      EN work/single_reg_w_init 1312410532 CP fdre CP fdse
EN work/synth_reg_w_init 1312410534 \
      FL "C:/Documents and Settings/Danny/Desktop/senior_project_5/netlist_senior_proj_final_3_9_1/sysgen/ngc_verilog_LJ5t/ngc_eAg8/template_results.vhd" \
      PB ieee/std_logic_1164 1217055545 PB work/conv_pkg 1312410524
AR work/synth_reg_w_init/structural 1312410535 \
      FL "C:/Documents and Settings/Danny/Desktop/senior_project_5/netlist_senior_proj_final_3_9_1/sysgen/ngc_verilog_LJ5t/ngc_eAg8/template_results.vhd" \
      EN work/synth_reg_w_init 1312410534 CP single_reg_w_init
EN work/wrapped_xlfir_mch_distributed_arithmetic_fir_filter_spartan3e_9_0_7845aeed558602934c92 1312410536 \
      FL "C:/Documents and Settings/Danny/Desktop/senior_project_5/netlist_senior_proj_final_3_9_1/sysgen/ngc_verilog_LJ5t/ngc_eAg8/template_results.vhd" \
      PB ieee/std_logic_1164 1217055545 PB work/conv_pkg 1312410524
AR work/wrapped_xlfir_mch_distributed_arithmetic_fir_filter_spartan3e_9_0_7845aeed558602934c92/behavior 1312410537 \
      FL "C:/Documents and Settings/Danny/Desktop/senior_project_5/netlist_senior_proj_final_3_9_1/sysgen/ngc_verilog_LJ5t/ngc_eAg8/template_results.vhd" \
      EN work/wrapped_xlfir_mch_distributed_arithmetic_fir_filter_spartan3e_9_0_7845aeed558602934c92 1312410536 \
      CP fds CP distributed_arithmetic_fir_filter_spartan3e_9_0_7845aeed55860293 \
      CP synth_reg_w_init CP synth_reg
EN work/xlfir_mch_distributed_arithmetic_fir_filter_spartan3e_9_0_7845aeed558602934c92 1312410538 \
      FL "C:/Documents and Settings/Danny/Desktop/senior_project_5/netlist_senior_proj_final_3_9_1/sysgen/ngc_verilog_LJ5t/ngc_eAg8/template_results.vhd" \
      PB ieee/std_logic_1164 1217055545 PB work/conv_pkg 1312410524
AR work/xlfir_mch_distributed_arithmetic_fir_filter_spartan3e_9_0_7845aeed558602934c92/behavior 1312410539 \
      FL "C:/Documents and Settings/Danny/Desktop/senior_project_5/netlist_senior_proj_final_3_9_1/sysgen/ngc_verilog_LJ5t/ngc_eAg8/template_results.vhd" \
      EN work/xlfir_mch_distributed_arithmetic_fir_filter_spartan3e_9_0_7845aeed558602934c92 1312410538 \
      CP work/wrapped_xlfir_mch_distributed_arithmetic_fir_filter_spartan3e_9_0_7845aeed558602934c92
