AR synth_reg_w_init structural "C:/Documents and Settings/Danny/Desktop/senior_project_5/netlist_senior_proj_final_3_9_1/sysgen/ngc_verilog_KFC5/ngc_0u9W/template_results.vhd" sub00/vhpl14 1312410603
EN single_reg_w_init NULL "C:/Documents and Settings/Danny/Desktop/senior_project_5/netlist_senior_proj_final_3_9_1/sysgen/ngc_verilog_KFC5/ngc_0u9W/template_results.vhd" sub00/vhpl11 1312410600
AR raminfr_xlfir_1ch_distributed_arithmetic_fir_filter_spartan3e_9_0_f05c7a1835c759f43361 syn "C:/Documents and Settings/Danny/Desktop/senior_project_5/netlist_senior_proj_final_3_9_1/sysgen/ngc_verilog_KFC5/ngc_0u9W/template_results.vhd" sub00/vhpl16 1312410605
AR xlfir_1ch_distributed_arithmetic_fir_filter_spartan3e_9_0_f05c7a1835c759f43361 behavior "C:/Documents and Settings/Danny/Desktop/senior_project_5/netlist_senior_proj_final_3_9_1/sysgen/ngc_verilog_KFC5/ngc_0u9W/template_results.vhd" sub00/vhpl22 1312410611
EN sync_fifo_xlfir_1ch_distributed_arithmetic_fir_filter_spartan3e_9_0_f05c7a1835c759f43361 NULL "C:/Documents and Settings/Danny/Desktop/senior_project_5/netlist_senior_proj_final_3_9_1/sysgen/ngc_verilog_KFC5/ngc_0u9W/template_results.vhd" sub00/vhpl17 1312410606
PH clock_pkg NULL "C:/Documents and Settings/Danny/Desktop/senior_project_5/netlist_senior_proj_final_3_9_1/sysgen/ngc_verilog_KFC5/ngc_0u9W/template_results.vhd" sub00/vhpl04 1312410593
EN raminfr_xlfir_1ch_distributed_arithmetic_fir_filter_spartan3e_9_0_f05c7a1835c759f43361 NULL "C:/Documents and Settings/Danny/Desktop/senior_project_5/netlist_senior_proj_final_3_9_1/sysgen/ngc_verilog_KFC5/ngc_0u9W/template_results.vhd" sub00/vhpl15 1312410604
AR synth_reg structural "C:/Documents and Settings/Danny/Desktop/senior_project_5/netlist_senior_proj_final_3_9_1/sysgen/ngc_verilog_KFC5/ngc_0u9W/template_results.vhd" sub00/vhpl08 1312410597
EN distributed_arithmetic_fir_filter_spartan3e_9_0_f05c7a1835c759f4 NULL "C:/Documents and Settings/Danny/Desktop/senior_project_5/netlist_senior_proj_final_3_9_1/sysgen/ngc_verilog_KFC5/ngc_0u9W/distributed_arithmetic_fir_filter_spartan3e_9_0_f05c7a1835c759f4.vhd" sub00/vhpl00 1312410589
EN synth_reg_w_init NULL "C:/Documents and Settings/Danny/Desktop/senior_project_5/netlist_senior_proj_final_3_9_1/sysgen/ngc_verilog_KFC5/ngc_0u9W/template_results.vhd" sub00/vhpl13 1312410602
EN xlfir_1ch_distributed_arithmetic_fir_filter_spartan3e_9_0_f05c7a1835c759f43361 NULL "C:/Documents and Settings/Danny/Desktop/senior_project_5/netlist_senior_proj_final_3_9_1/sysgen/ngc_verilog_KFC5/ngc_0u9W/template_results.vhd" sub00/vhpl21 1312410610
EN wrapped_xlfir_1ch_distributed_arithmetic_fir_filter_spartan3e_9_0_f05c7a1835c759f43361 NULL "C:/Documents and Settings/Danny/Desktop/senior_project_5/netlist_senior_proj_final_3_9_1/sysgen/ngc_verilog_KFC5/ngc_0u9W/template_results.vhd" sub00/vhpl19 1312410608
PH conv_pkg NULL "C:/Documents and Settings/Danny/Desktop/senior_project_5/netlist_senior_proj_final_3_9_1/sysgen/ngc_verilog_KFC5/ngc_0u9W/template_results.vhd" sub00/vhpl02 1312410591
AR synth_reg_reg behav "C:/Documents and Settings/Danny/Desktop/senior_project_5/netlist_senior_proj_final_3_9_1/sysgen/ngc_verilog_KFC5/ngc_0u9W/template_results.vhd" sub00/vhpl10 1312410599
EN srl17e NULL "C:/Documents and Settings/Danny/Desktop/senior_project_5/netlist_senior_proj_final_3_9_1/sysgen/ngc_verilog_KFC5/ngc_0u9W/template_results.vhd" sub00/vhpl05 1312410594
EN synth_reg_reg NULL "C:/Documents and Settings/Danny/Desktop/senior_project_5/netlist_senior_proj_final_3_9_1/sysgen/ngc_verilog_KFC5/ngc_0u9W/template_results.vhd" sub00/vhpl09 1312410598
AR wrapped_xlfir_1ch_distributed_arithmetic_fir_filter_spartan3e_9_0_f05c7a1835c759f43361 behavior "C:/Documents and Settings/Danny/Desktop/senior_project_5/netlist_senior_proj_final_3_9_1/sysgen/ngc_verilog_KFC5/ngc_0u9W/template_results.vhd" sub00/vhpl20 1312410609
AR single_reg_w_init structural "C:/Documents and Settings/Danny/Desktop/senior_project_5/netlist_senior_proj_final_3_9_1/sysgen/ngc_verilog_KFC5/ngc_0u9W/template_results.vhd" sub00/vhpl12 1312410601
EN synth_reg NULL "C:/Documents and Settings/Danny/Desktop/senior_project_5/netlist_senior_proj_final_3_9_1/sysgen/ngc_verilog_KFC5/ngc_0u9W/template_results.vhd" sub00/vhpl07 1312410596
PB conv_pkg conv_pkg "C:/Documents and Settings/Danny/Desktop/senior_project_5/netlist_senior_proj_final_3_9_1/sysgen/ngc_verilog_KFC5/ngc_0u9W/template_results.vhd" sub00/vhpl03 1312410592
AR sync_fifo_xlfir_1ch_distributed_arithmetic_fir_filter_spartan3e_9_0_f05c7a1835c759f43361 behavior "C:/Documents and Settings/Danny/Desktop/senior_project_5/netlist_senior_proj_final_3_9_1/sysgen/ngc_verilog_KFC5/ngc_0u9W/template_results.vhd" sub00/vhpl18 1312410607
AR distributed_arithmetic_fir_filter_spartan3e_9_0_f05c7a1835c759f4 distributed_arithmetic_fir_filter_spartan3e_9_0_f05c7a1835c759f4_a "C:/Documents and Settings/Danny/Desktop/senior_project_5/netlist_senior_proj_final_3_9_1/sysgen/ngc_verilog_KFC5/ngc_0u9W/distributed_arithmetic_fir_filter_spartan3e_9_0_f05c7a1835c759f4.vhd" sub00/vhpl01 1312410590
AR srl17e structural "C:/Documents and Settings/Danny/Desktop/senior_project_5/netlist_senior_proj_final_3_9_1/sysgen/ngc_verilog_KFC5/ngc_0u9W/template_results.vhd" sub00/vhpl06 1312410595
