C:\Documents and Settings\Danny\Desktop\senior_project_5\netlist_senior_proj_final_3_9_1\senior_project_final_3_9_cw.ngc 1312411402
C:\Documents and Settings\Danny\Desktop\senior_project_5\netlist_senior_proj_final_3_9_1/xlpersistentdff.ngc 1312410496
C:\Documents and Settings\Danny\Desktop\senior_project_5\netlist_senior_proj_final_3_9_1\sine_cosine_look_up_table_spartan3e_5_0_14880184a763675b.edn 1307418877
C:\Documents and Settings\Danny\Desktop\senior_project_5\netlist_senior_proj_final_3_9_1\multiplier_spartan3e_7_0_3ea0672ed784ab3c.edn 1308185754
C:\Documents and Settings\Danny\Desktop\senior_project_5\netlist_senior_proj_final_3_9_1\multiplier_spartan3e_10_1_e5c402dfa5ce3ecc.edn 1307418834
C:\Documents and Settings\Danny\Desktop\senior_project_5\netlist_senior_proj_final_3_9_1/multiplier_spartan3e_10_1_e5c402dfa5ce3ecc_mult_gen_v10_1_xst_1.ngc 1307418830
C:\Documents and Settings\Danny\Desktop\senior_project_5\netlist_senior_proj_final_3_9_1\binary_counter_spartan3e_10_0_4aaa5fd2f698d138.edn 1306611181
C:\Documents and Settings\Danny\Desktop\senior_project_5\netlist_senior_proj_final_3_9_1/binary_counter_spartan3e_10_0_4aaa5fd2f698d138_c_counter_binary_v10_0_xst_1.ngc 1306611176
C:\Documents and Settings\Danny\Desktop\senior_project_5\netlist_senior_proj_final_3_9_1/xlfir_mch_distributed_arithmetic_fir_filter_spartan3e_9_0_a0f16f33fe1e1e5f2b91.ngc 1312410577
C:\Documents and Settings\Danny\Desktop\senior_project_5\netlist_senior_proj_final_3_9_1/xlfir_mch_distributed_arithmetic_fir_filter_spartan3e_9_0_7845aeed558602934c92.ngc 1312410541
C:\Documents and Settings\Danny\Desktop\senior_project_5\netlist_senior_proj_final_3_9_1/xlfir_1ch_distributed_arithmetic_fir_filter_spartan3e_9_0_f05c7a1835c759f4caf0.ngc 1312410508
C:\Documents and Settings\Danny\Desktop\senior_project_5\netlist_senior_proj_final_3_9_1/xlfir_1ch_distributed_arithmetic_fir_filter_spartan3e_9_0_f05c7a1835c759f43361.ngc 1312410603
OK
