ASxxxx Linker V02.00 + NoICE + sdld,  page 1.
Hexadecimal

Area                               Addr   Size   Decimal Bytes (Attributes)
--------------------------------   ----   ----   ------- ----- ------------
INT2AV0                            0000   0046 =     70. bytes (ABS,OVR)

      Value  Global                              Global Defined In Module
      -----  ---------------------------------   ------------------------
            0000  l_BIT_BANK                       
            0000  l_CABS                           
            0000  l_CONST                          
            0000  l_GSINIT1                        
            0000  l_GSINIT5                        
            0000  l_IABS                           
            0000  l_INT2AV                         
            0000  l_ISEG                           
            0000  l_PSEG                           
            0000  l_REG_BANK_1                     
            0000  l_REG_BANK_2                     
            0000  l_REG_BANK_3                     
            0000  l_RSEG                           
            0000  l_RSEG0                          
            0000  l_RSEG1                          
            0000  l_XABS                           
            0000  l__CODE                          
            0000  s_BSEG                           
            0000  s_CABS                           
            0000  s_DSEG                           
            0000  s_HOME                           
            0000  s_IABS                           
            0000  s_INT2AV                         
            0000  s_INT2AV0                        
            0000  s_ISEG                           
            0000  s_REG_BANK_0                     
            0000  s_RSEG                           
            0000  s_RSEG0                          
            0000  s_RSEG1                          
            0000  s_XABS                           
            0001  l_BSEG_BYTES                     
            0001  l_XSEG                           
            0003  l_GSFINAL                        
            0003  l_GSINIT0                        
            0003  l_OSEG                           
            0005  l_BSEG                           
            0008  l_REG_BANK_0                     
            0008  s_REG_BANK_1                     
            000A  l_GSINIT2                        
            0010  l_XINIT                          
            0010  l_XISEG                          
            0010  s_REG_BANK_2                     
            0014  s_OSEG                           
            0018  s_BIT_BANK                       
            0018  s_REG_BANK_3                     
            001D  l_GSINIT                         
            0020  s_BSEG_BYTES                     
            0020  s__CODE                          
            0022  l_GSINIT3                        
            002A  l_GSINIT4                        
ASxxxx Linker V02.00 + NoICE + sdld,  page 2.
Hexadecimal

Area                               Addr   Size   Decimal Bytes (Attributes)
--------------------------------   ----   ----   ------- ----- ------------
INT2AV0                            0000   0046 =     70. bytes (ABS,OVR)

      Value  Global                              Global Defined In Module
      -----  ---------------------------------   ------------------------
            0046  l_INT2AV0                        
            004B  s_SSEG                           
            0077  l_DSEG                           
            00B5  l_SSEG                           
            00B8  l_INT2JT                         
            0100  l_IRAM                           
            0128  l_DSCR_AREA                      
            01BB  l_HOME                           
            01BB  s_GSINIT0                        
            01BE  s_GSINIT1                        
            01BE  s_GSINIT2                        
            01C8  s_GSINIT3                        
            01EA  s_GSINIT4                        
            0214  s_GSINIT                         
            0214  s_GSINIT5                        
            0231  s_GSFINAL                        
            0234  s_CSEG                           
            11A0  l_CSEG                           
            13D4  s_CONST                          
            13D4  s_XINIT                          
            2E00  s_DSCR_AREA                      
            3000  s_INT2JT                         
            3200  s_PSEG                           
            3200  s_XSEG                           
            3201  s_XISEG                          

ASxxxx Linker V02.00 + NoICE + sdld,  page 3.
Hexadecimal

Area                               Addr   Size   Decimal Bytes (Attributes)
--------------------------------   ----   ----   ------- ----- ------------
INT2AV                             0000   0000 =      0. bytes (ABS,OVR)

      Value  Global                              Global Defined In Module
      -----  ---------------------------------   ------------------------
ASxxxx Linker V02.00 + NoICE + sdld,  page 4.
Hexadecimal

Area                               Addr   Size   Decimal Bytes (Attributes)
--------------------------------   ----   ----   ------- ----- ------------
CABS                               0000   0000 =      0. bytes (ABS,CON,CODE)

      Value  Global                              Global Defined In Module
      -----  ---------------------------------   ------------------------
ASxxxx Linker V02.00 + NoICE + sdld,  page 5.
Hexadecimal

Area                               Addr   Size   Decimal Bytes (Attributes)
--------------------------------   ----   ----   ------- ----- ------------
XABS                               0000   0000 =      0. bytes (ABS,CON,XDATA)

      Value  Global                              Global Defined In Module
      -----  ---------------------------------   ------------------------
ASxxxx Linker V02.00 + NoICE + sdld,  page 6.
Hexadecimal

Area                               Addr   Size   Decimal Bytes (Attributes)
--------------------------------   ----   ----   ------- ----- ------------
IABS                               0000   0000 =      0. bytes (ABS,CON)

      Value  Global                              Global Defined In Module
      -----  ---------------------------------   ------------------------
ASxxxx Linker V02.00 + NoICE + sdld,  page 7.
Hexadecimal

Area                               Addr   Size   Decimal Bytes (Attributes)
--------------------------------   ----   ----   ------- ----- ------------
RSEG1                              0000   0000 =      0. bytes (ABS,CON)

      Value  Global                              Global Defined In Module
      -----  ---------------------------------   ------------------------
ASxxxx Linker V02.00 + NoICE + sdld,  page 8.
Hexadecimal

Area                               Addr   Size   Decimal Bytes (Attributes)
--------------------------------   ----   ----   ------- ----- ------------
RSEG0                              0000   0000 =      0. bytes (ABS,CON)

      Value  Global                              Global Defined In Module
      -----  ---------------------------------   ------------------------
ASxxxx Linker V02.00 + NoICE + sdld,  page 9.
Hexadecimal

Area                               Addr   Size   Decimal Bytes (Attributes)
--------------------------------   ----   ----   ------- ----- ------------
RSEG                               0000   0000 =      0. bytes (ABS,CON)

      Value  Global                              Global Defined In Module
      -----  ---------------------------------   ------------------------
ASxxxx Linker V02.00 + NoICE + sdld,  page 10.
Hexadecimal

Area                               Addr   Size   Decimal Bytes (Attributes)
--------------------------------   ----   ----   ------- ----- ------------
.	.ABS.                            0000   0000 =      0. bytes (ABS,CON)

      Value  Global                              Global Defined In Module
      -----  ---------------------------------   ------------------------
            0000  .__.ABS.                         
            0080  _IOA                             
            0080  _PA0                             
            0081  _PA1                             
            0081  _SP                              
            0082  _DPL                             
            0082  _PA2                             
            0083  _DPH                             
            0083  _PA3                             
            0084  _DPL1                            
            0084  _PA4                             
            0085  _DPH1                            
            0085  _PA5                             
            0086  _DPS                             
            0086  _PA6                             
            0087  _PA7                             
            0087  _PCON                            
            0088  _IT0                             
            0088  _TCON                            
            0089  _IE0                             
            0089  _TMOD                            
            008A  _IT1                             
            008A  _TL0                             
            008B  _IE1                             
            008B  _TL1                             
            008C  _TH0                             
            008C  _TR0                             
            008D  _TF0                             
            008D  _TH1                             
            008E  _CKCON                           
            008E  _TR1                             
            008F  _TF1                             
            0090  _IOB                             
            0090  _PB0                             
            0091  _EXIF                            
            0091  _PB1                             
            0092  _PB2                             
            0092  __XPAGE                          
            0093  _PB3                             
            0094  _PB4                             
            0095  _PB5                             
            0096  _PB6                             
            0097  _PB7                             
            0098  _RI                              
            0098  _SCON0                           
            0099  _SBUF0                           
            0099  _TI                              
            009A  _AUTOPTRH1                       
            009A  _RB8                             
            009B  _AUTOPTRL1                       
ASxxxx Linker V02.00 + NoICE + sdld,  page 11.
Hexadecimal

Area                               Addr   Size   Decimal Bytes (Attributes)
--------------------------------   ----   ----   ------- ----- ------------
.	.ABS.                            0000   0000 =      0. bytes (ABS,CON)

      Value  Global                              Global Defined In Module
      -----  ---------------------------------   ------------------------
            009B  _TB8                             
            009C  _REN                             
            009D  _AUTOPTRH2                       
            009D  _SM2                             
            009E  _AUTOPTRL2                       
            009E  _SM1                             
            009F  _SM0                             
            00A0  _IOC                             
            00A0  _PC0                             
            00A1  _INT2CLR                         
            00A1  _PC1                             
            00A2  _INT4CLR                         
            00A2  _PC2                             
            00A3  _PC3                             
            00A4  _PC4                             
            00A5  _PC5                             
            00A6  _PC6                             
            00A7  _PC7                             
            00A8  _EX0                             
            00A8  _IE                              
            00A9  _ET0                             
            00AA  _EP2468STAT                      
            00AA  _EX1                             
            00AB  _EP24FIFOFLGS                    
            00AB  _ET1                             
            00AC  _EP68FIFOFLGS                    
            00AC  _ES0                             
            00AD  _ET2                             
            00AE  _ES1                             
            00AF  _AUTOPTRSETUP                    
            00AF  _EA                              
            00B0  _IOD                             
            00B0  _PD0                             
            00B1  _IOE                             
            00B1  _PD1                             
            00B2  _OEA                             
            00B2  _PD2                             
            00B3  _OEB                             
            00B3  _PD3                             
            00B4  _OEC                             
            00B4  _PD4                             
            00B5  _OED                             
            00B5  _PD5                             
            00B6  _OEE                             
            00B6  _PD6                             
            00B7  _PD7                             
            00B8  _IP                              
            00B8  _PX0                             
            00B9  _PT0                             
            00BA  _EP01STAT                        
            00BA  _PX1                             
ASxxxx Linker V02.00 + NoICE + sdld,  page 12.
Hexadecimal

Area                               Addr   Size   Decimal Bytes (Attributes)
--------------------------------   ----   ----   ------- ----- ------------
.	.ABS.                            0000   0000 =      0. bytes (ABS,CON)

      Value  Global                              Global Defined In Module
      -----  ---------------------------------   ------------------------
            00BB  _GPIFTRIG                        
            00BB  _PT1                             
            00BC  _PS0                             
            00BD  _GPIFSGLDATH                     
            00BD  _PT2                             
            00BE  _GPIFSGLDATLX                    
            00BE  _PS1                             
            00BF  _GPIFSGLDATLNOX                  
            00C0  _RI1                             
            00C0  _SCON1                           
            00C1  _SBUF1                           
            00C1  _TI1                             
            00C2  _RB81                            
            00C3  _TB81                            
            00C4  _REN1                            
            00C5  _SM21                            
            00C6  _SM11                            
            00C7  _SM01                            
            00C8  _CP_RL2                          
            00C8  _T2CON                           
            00C9  _C_T2                            
            00CA  _RCAP2L                          
            00CA  _TR2                             
            00CB  _EXEN2                           
            00CB  _RCAP2H                          
            00CC  _TCLK                            
            00CC  _TL2                             
            00CD  _RCLK                            
            00CD  _TH2                             
            00CE  _EXF2                            
            00CF  _TF2                             
            00D0  _P                               
            00D0  _PSW                             
            00D1  _FL                              
            00D2  _OV                              
            00D3  _RS0                             
            00D4  _RS1                             
            00D5  _F0                              
            00D6  _AC                              
            00D7  _CY                              
            00D8  _EICON                           
            00DB  _INT6                            
            00DC  _RESI                            
            00DD  _ERESI                           
            00DF  _SMOD1                           
            00E0  _ACC                             
            00E8  _EIE                             
            00E8  _EUSB                            
            00E9  _EI2C                            
            00EA  _EIEX4                           
            00EB  _EIEX5                           
ASxxxx Linker V02.00 + NoICE + sdld,  page 13.
Hexadecimal

Area                               Addr   Size   Decimal Bytes (Attributes)
--------------------------------   ----   ----   ------- ----- ------------
.	.ABS.                            0000   0000 =      0. bytes (ABS,CON)

      Value  Global                              Global Defined In Module
      -----  ---------------------------------   ------------------------
            00EC  _EIEX6                           
            00F0  _B                               
            00F5  _B_5                             
            00F6  _B_6                             
            00F7  _B_7                             
            00F8  _EIP                             
            00F8  _PUSB                            
            00F9  _PI2C                            
            00FA  _EIPX4                           
            00FB  _EIPX5                           
            00FC  _EIPX6                           
            E400  _GPIF_WAVE_DATA                  
            E480  _RES_WAVEDATA_END                
            E50D  _GPCR2                           
            E600  _CPUCS                           
            E601  _IFCONFIG                        
            E602  _PINFLAGSAB                      
            E603  _PINFLAGSCD                      
            E604  _FIFORESET                       
            E605  _BREAKPT                         
            E606  _BPADDRH                         
            E607  _BPADDRL                         
            E608  _UART230                         
            E609  _FIFOPINPOLAR                    
            E60A  _REVID                           
            E60B  _REVCTL                          
            E60C  _GPIFHOLDAMOUNT                  
            E610  _EP1OUTCFG                       
            E611  _EP1INCFG                        
            E612  _EP2CFG                          
            E613  _EP4CFG                          
            E614  _EP6CFG                          
            E615  _EP8CFG                          
            E618  _EP2FIFOCFG                      
            E619  _EP4FIFOCFG                      
            E61A  _EP6FIFOCFG                      
            E61B  _EP8FIFOCFG                      
            E620  _EP2AUTOINLENH                   
            E621  _EP2AUTOINLENL                   
            E622  _EP4AUTOINLENH                   
            E623  _EP4AUTOINLENL                   
            E624  _EP6AUTOINLENH                   
            E625  _EP6AUTOINLENL                   
            E626  _EP8AUTOINLENH                   
            E627  _EP8AUTOINLENL                   
            E628  _ECCCFG                          
            E629  _ECCRESET                        
            E62A  _ECC1B0                          
            E62B  _ECC1B1                          
            E62C  _ECC1B2                          
            E62D  _ECC2B0                          
ASxxxx Linker V02.00 + NoICE + sdld,  page 14.
Hexadecimal

Area                               Addr   Size   Decimal Bytes (Attributes)
--------------------------------   ----   ----   ------- ----- ------------
.	.ABS.                            0000   0000 =      0. bytes (ABS,CON)

      Value  Global                              Global Defined In Module
      -----  ---------------------------------   ------------------------
            E62E  _ECC2B1                          
            E62F  _ECC2B2                          
            E630  _EP2FIFOPFH                      
            E631  _EP2FIFOPFL                      
            E632  _EP4FIFOPFH                      
            E633  _EP4FIFOPFL                      
            E634  _EP6FIFOPFH                      
            E635  _EP6FIFOPFL                      
            E636  _EP8FIFOPFH                      
            E637  _EP8FIFOPFL                      
            E640  _EP2ISOINPKTS                    
            E641  _EP4ISOINPKTS                    
            E642  _EP6ISOINPKTS                    
            E643  _EP8ISOINPKTS                    
            E648  _INPKTEND                        
            E649  _OUTPKTEND                       
            E650  _EP2FIFOIE                       
            E651  _EP2FIFOIRQ                      
            E652  _EP4FIFOIE                       
            E653  _EP4FIFOIRQ                      
            E654  _EP6FIFOIE                       
            E655  _EP6FIFOIRQ                      
            E656  _EP8FIFOIE                       
            E657  _EP8FIFOIRQ                      
            E658  _IBNIE                           
            E659  _IBNIRQ                          
            E65A  _NAKIE                           
            E65B  _NAKIRQ                          
            E65C  _USBIE                           
            E65D  _USBIRQ                          
            E65E  _EPIE                            
            E65F  _EPIRQ                           
            E660  _GPIFIE                          
            E661  _GPIFIRQ                         
            E662  _USBERRIE                        
            E663  _USBERRIRQ                       
            E664  _ERRCNTLIM                       
            E665  _CLRERRCNT                       
            E666  _INT2IVEC                        
            E667  _INT4IVEC                        
            E668  _INTSETUP                        
            E670  _PORTACFG                        
            E671  _PORTCCFG                        
            E672  _PORTECFG                        
            E678  _I2CS                            
            E679  _I2DAT                           
            E67A  _I2CTL                           
            E67B  _XAUTODAT1                       
            E67C  _XAUTODAT2                       
            E67D  _UDMACRCH                        
            E67E  _UDMACRCL                        
ASxxxx Linker V02.00 + NoICE + sdld,  page 15.
Hexadecimal

Area                               Addr   Size   Decimal Bytes (Attributes)
--------------------------------   ----   ----   ------- ----- ------------
.	.ABS.                            0000   0000 =      0. bytes (ABS,CON)

      Value  Global                              Global Defined In Module
      -----  ---------------------------------   ------------------------
            E67F  _UDMACRCQUAL                     
            E680  _USBCS                           
            E681  _SUSPEND                         
            E682  _WAKEUPCS                        
            E683  _TOGCTL                          
            E684  _USBFRAMEH                       
            E685  _USBFRAMEL                       
            E686  _MICROFRAME                      
            E687  _FNADDR                          
            E68A  _EP0BCH                          
            E68B  _EP0BCL                          
            E68D  _EP1OUTBC                        
            E68F  _EP1INBC                         
            E690  _EP2BCH                          
            E691  _EP2BCL                          
            E694  _EP4BCH                          
            E695  _EP4BCL                          
            E698  _EP6BCH                          
            E699  _EP6BCL                          
            E69C  _EP8BCH                          
            E69D  _EP8BCL                          
            E6A0  _EP0CS                           
            E6A1  _EP1OUTCS                        
            E6A2  _EP1INCS                         
            E6A3  _EP2CS                           
            E6A4  _EP4CS                           
            E6A5  _EP6CS                           
            E6A6  _EP8CS                           
            E6A7  _EP2FIFOFLGS                     
            E6A8  _EP4FIFOFLGS                     
            E6A9  _EP6FIFOFLGS                     
            E6AA  _EP8FIFOFLGS                     
            E6AB  _EP2FIFOBCH                      
            E6AC  _EP2FIFOBCL                      
            E6AD  _EP4FIFOBCH                      
            E6AE  _EP4FIFOBCL                      
            E6AF  _EP6FIFOBCH                      
            E6B0  _EP6FIFOBCL                      
            E6B1  _EP8FIFOBCH                      
            E6B2  _EP8FIFOBCL                      
            E6B3  _SUDPTRH                         
            E6B4  _SUDPTRL                         
            E6B5  _SUDPTRCTL                       
            E6B8  _SETUPDAT                        
            E6C0  _GPIFWFSELECT                    
            E6C1  _GPIFIDLECS                      
            E6C2  _GPIFIDLECTL                     
            E6C3  _GPIFCTLCFG                      
            E6C4  _GPIFADRH                        
            E6C5  _GPIFADRL                        
            E6C6  _FLOWSTATE                       
ASxxxx Linker V02.00 + NoICE + sdld,  page 16.
Hexadecimal

Area                               Addr   Size   Decimal Bytes (Attributes)
--------------------------------   ----   ----   ------- ----- ------------
.	.ABS.                            0000   0000 =      0. bytes (ABS,CON)

      Value  Global                              Global Defined In Module
      -----  ---------------------------------   ------------------------
            E6C7  _FLOWLOGIC                       
            E6C8  _FLOWEQ0CTL                      
            E6C9  _FLOWEQ1CTL                      
            E6CA  _FLOWHOLDOFF                     
            E6CB  _FLOWSTB                         
            E6CC  _FLOWSTBEDGE                     
            E6CD  _FLOWSTBHPERIOD                  
            E6CE  _GPIFTCB3                        
            E6CF  _GPIFTCB2                        
            E6D0  _GPIFTCB1                        
            E6D1  _GPIFTCB0                        
            E6D2  _EP2GPIFFLGSEL                   
            E6D3  _EP2GPIFPFSTOP                   
            E6D4  _EP2GPIFTRIG                     
            E6DA  _EP4GPIFFLGSEL                   
            E6DB  _EP4GPIFPFSTOP                   
            E6DC  _EP4GPIFTRIG                     
            E6E2  _EP6GPIFFLGSEL                   
            E6E3  _EP6GPIFPFSTOP                   
            E6E4  _EP6GPIFTRIG                     
            E6EA  _EP8GPIFFLGSEL                   
            E6EB  _EP8GPIFPFSTOP                   
            E6EC  _EP8GPIFTRIG                     
            E6F0  _XGPIFSGLDATH                    
            E6F1  _XGPIFSGLDATLX                   
            E6F2  _XGPIFSGLDATLNOX                 
            E6F3  _GPIFREADYCFG                    
            E6F4  _GPIFREADYSTAT                   
            E6F5  _GPIFABORT                       
            E740  _EP0BUF                          
            E780  _EP1OUTBUF                       
            E7C0  _EP1INBUF                        
            F000  _EP2FIFOBUF                      
            F400  _EP4FIFOBUF                      
            F800  _EP6FIFOBUF                      
            FC00  _EP8FIFOBUF                      

ASxxxx Linker V02.00 + NoICE + sdld,  page 17.
Hexadecimal

Area                               Addr   Size   Decimal Bytes (Attributes)
--------------------------------   ----   ----   ------- ----- ------------
BSEG_BYTES                         0020   0001 =      1. bytes (REL,CON)

      Value  Global                              Global Defined In Module
      -----  ---------------------------------   ------------------------
ASxxxx Linker V02.00 + NoICE + sdld,  page 18.
Hexadecimal

Area                               Addr   Size   Decimal Bytes (Attributes)
--------------------------------   ----   ----   ------- ----- ------------
_CODE                              0020   0000 =      0. bytes (REL,CON)

      Value  Global                              Global Defined In Module
      -----  ---------------------------------   ------------------------
ASxxxx Linker V02.00 + NoICE + sdld,  page 19.
Hexadecimal

Area                               Addr   Size   Decimal Bytes (Attributes)
--------------------------------   ----   ----   ------- ----- ------------
REG_BANK_0                         0000   0008 =      8. bytes (REL,OVR)

      Value  Global                              Global Defined In Module
      -----  ---------------------------------   ------------------------
ASxxxx Linker V02.00 + NoICE + sdld,  page 20.
Hexadecimal

Area                               Addr   Size   Decimal Bytes (Attributes)
--------------------------------   ----   ----   ------- ----- ------------
REG_BANK_1                         0008   0000 =      0. bytes (REL,OVR)

      Value  Global                              Global Defined In Module
      -----  ---------------------------------   ------------------------
ASxxxx Linker V02.00 + NoICE + sdld,  page 21.
Hexadecimal

Area                               Addr   Size   Decimal Bytes (Attributes)
--------------------------------   ----   ----   ------- ----- ------------
REG_BANK_2                         0010   0000 =      0. bytes (REL,OVR)

      Value  Global                              Global Defined In Module
      -----  ---------------------------------   ------------------------
ASxxxx Linker V02.00 + NoICE + sdld,  page 22.
Hexadecimal

Area                               Addr   Size   Decimal Bytes (Attributes)
--------------------------------   ----   ----   ------- ----- ------------
REG_BANK_3                         0018   0000 =      0. bytes (REL,OVR)

      Value  Global                              Global Defined In Module
      -----  ---------------------------------   ------------------------
ASxxxx Linker V02.00 + NoICE + sdld,  page 23.
Hexadecimal

Area                               Addr   Size   Decimal Bytes (Attributes)
--------------------------------   ----   ----   ------- ----- ------------
BSEG                               0000   0005 =      5. bytes (REL,CON,BIT)

      Value  Global                              Global Defined In Module
      -----  ---------------------------------   ------------------------
       0B:  0000  _dosud                           
       0B:  0001  _dohispeed                       
       0B:  0002  _doreset                         
       0B:  0003  _dosuspend                       
ASxxxx Linker V02.00 + NoICE + sdld,  page 24.
Hexadecimal

Area                               Addr   Size   Decimal Bytes (Attributes)
--------------------------------   ----   ----   ------- ----- ------------
BIT_BANK                           0018   0000 =      0. bytes (REL,OVR)

      Value  Global                              Global Defined In Module
      -----  ---------------------------------   ------------------------
ASxxxx Linker V02.00 + NoICE + sdld,  page 25.
Hexadecimal

Area                               Addr   Size   Decimal Bytes (Attributes)
--------------------------------   ----   ----   ------- ----- ------------
DSEG                               0000   0077 =    119. bytes (REL,CON)

      Value  Global                              Global Defined In Module
      -----  ---------------------------------   ------------------------
            0008  _Configuration                   
            0009  _AlternateSetting                
            000A  _mycount                         
            000C  _handle_set_interface_PARM_2     
            000E  _self_powered                    
            000F  _remote_wakeup_allowed           
            0010  _pDevConfig                      
            0012  _pOtherConfig                    
            0021  _i2c_write_PARM_2                
            0023  _i2c_write_PARM_3                
            0026  _i2c_write_PARM_4                
            0028  _i2c_write_PARM_5                
            002E  _i2c_read_PARM_2                 
            0030  _i2c_read_PARM_3                 
            0035  _eeprom_write_PARM_2             
            0037  _eeprom_write_PARM_3             
            0039  _eeprom_write_PARM_4             
            0042  _eeprom_read_PARM_2              
            0044  _eeprom_read_PARM_3              
            0046  _eeprom_read_PARM_4              
ASxxxx Linker V02.00 + NoICE + sdld,  page 26.
Hexadecimal

Area                               Addr   Size   Decimal Bytes (Attributes)
--------------------------------   ----   ----   ------- ----- ------------
OSEG                               0014   0003 =      3. bytes (REL,OVR)

      Value  Global                              Global Defined In Module
      -----  ---------------------------------   ------------------------
            0014  __gptrput_PARM_2                 
            0014  _delay_count_1_1                 
            0014  _handle_get_interface_PARM_2     

ASxxxx Linker V02.00 + NoICE + sdld,  page 27.
Hexadecimal

Area                               Addr   Size   Decimal Bytes (Attributes)
--------------------------------   ----   ----   ------- ----- ------------
ISEG                               0000   0000 =      0. bytes (REL,CON)

      Value  Global                              Global Defined In Module
      -----  ---------------------------------   ------------------------
ASxxxx Linker V02.00 + NoICE + sdld,  page 28.
Hexadecimal

Area                               Addr   Size   Decimal Bytes (Attributes)
--------------------------------   ----   ----   ------- ----- ------------
SSEG                               004B   00B5 =    181. bytes (REL,OVR)

      Value  Global                              Global Defined In Module
      -----  ---------------------------------   ------------------------
            004B  __start__stack                   

ASxxxx Linker V02.00 + NoICE + sdld,  page 29.
Hexadecimal

Area                               Addr   Size   Decimal Bytes (Attributes)
--------------------------------   ----   ----   ------- ----- ------------
PSEG                               3200   0000 =      0. bytes (REL,CON,PAG,XDATA)

      Value  Global                              Global Defined In Module
      -----  ---------------------------------   ------------------------
ASxxxx Linker V02.00 + NoICE + sdld,  page 30.
Hexadecimal

Area                               Addr   Size   Decimal Bytes (Attributes)
--------------------------------   ----   ----   ------- ----- ------------
XSEG                               3200   0001 =      1. bytes (REL,CON,XDATA)

      Value  Global                              Global Defined In Module
      -----  ---------------------------------   ------------------------
       0D:  3200  _cancel_i2c_trans                

ASxxxx Linker V02.00 + NoICE + sdld,  page 31.
Hexadecimal

Area                               Addr   Size   Decimal Bytes (Attributes)
--------------------------------   ----   ----   ------- ----- ------------
XISEG                              3201   0010 =     16. bytes (REL,CON,XDATA)

      Value  Global                              Global Defined In Module
      -----  ---------------------------------   ------------------------
       0D:  3201  _Digit                           

ASxxxx Linker V02.00 + NoICE + sdld,  page 32.
Hexadecimal

Area                               Addr   Size   Decimal Bytes (Attributes)
--------------------------------   ----   ----   ------- ----- ------------
HOME                               0000   01BB =    443. bytes (REL,CON,CODE)

      Value  Global                              Global Defined In Module
      -----  ---------------------------------   ------------------------
       0C:  01B6  __sdcc_program_startup           

ASxxxx Linker V02.00 + NoICE + sdld,  page 33.
Hexadecimal

Area                               Addr   Size   Decimal Bytes (Attributes)
--------------------------------   ----   ----   ------- ----- ------------
GSINIT0                            01BB   0003 =      3. bytes (REL,CON,CODE)

      Value  Global                              Global Defined In Module
      -----  ---------------------------------   ------------------------
       0C:  01BB  __sdcc_gsinit_startup            

ASxxxx Linker V02.00 + NoICE + sdld,  page 34.
Hexadecimal

Area                               Addr   Size   Decimal Bytes (Attributes)
--------------------------------   ----   ----   ------- ----- ------------
GSINIT1                            01BE   0000 =      0. bytes (REL,CON,CODE)

      Value  Global                              Global Defined In Module
      -----  ---------------------------------   ------------------------
ASxxxx Linker V02.00 + NoICE + sdld,  page 35.
Hexadecimal

Area                               Addr   Size   Decimal Bytes (Attributes)
--------------------------------   ----   ----   ------- ----- ------------
GSINIT2                            01BE   000A =     10. bytes (REL,CON,CODE)

      Value  Global                              Global Defined In Module
      -----  ---------------------------------   ------------------------
ASxxxx Linker V02.00 + NoICE + sdld,  page 36.
Hexadecimal

Area                               Addr   Size   Decimal Bytes (Attributes)
--------------------------------   ----   ----   ------- ----- ------------
GSINIT3                            01C8   0022 =     34. bytes (REL,CON,CODE)

      Value  Global                              Global Defined In Module
      -----  ---------------------------------   ------------------------
       0C:  01C8  __mcs51_genXINIT                 

ASxxxx Linker V02.00 + NoICE + sdld,  page 37.
Hexadecimal

Area                               Addr   Size   Decimal Bytes (Attributes)
--------------------------------   ----   ----   ------- ----- ------------
GSINIT4                            01EA   002A =     42. bytes (REL,CON,CODE)

      Value  Global                              Global Defined In Module
      -----  ---------------------------------   ------------------------
       0C:  01EA  __mcs51_genRAMCLEAR              
       0C:  01F0  __mcs51_genXRAMCLEAR             

ASxxxx Linker V02.00 + NoICE + sdld,  page 38.
Hexadecimal

Area                               Addr   Size   Decimal Bytes (Attributes)
--------------------------------   ----   ----   ------- ----- ------------
GSINIT5                            0214   0000 =      0. bytes (REL,CON,CODE)

      Value  Global                              Global Defined In Module
      -----  ---------------------------------   ------------------------
ASxxxx Linker V02.00 + NoICE + sdld,  page 39.
Hexadecimal

Area                               Addr   Size   Decimal Bytes (Attributes)
--------------------------------   ----   ----   ------- ----- ------------
GSINIT                             0214   001D =     29. bytes (REL,CON,CODE)

      Value  Global                              Global Defined In Module
      -----  ---------------------------------   ------------------------
ASxxxx Linker V02.00 + NoICE + sdld,  page 40.
Hexadecimal

Area                               Addr   Size   Decimal Bytes (Attributes)
--------------------------------   ----   ----   ------- ----- ------------
GSFINAL                            0231   0003 =      3. bytes (REL,CON,CODE)

      Value  Global                              Global Defined In Module
      -----  ---------------------------------   ------------------------
ASxxxx Linker V02.00 + NoICE + sdld,  page 41.
Hexadecimal

Area                               Addr   Size   Decimal Bytes (Attributes)
--------------------------------   ----   ----   ------- ----- ------------
CSEG                               0234   11A0 =   4512. bytes (REL,CON,CODE)

      Value  Global                              Global Defined In Module
      -----  ---------------------------------   ------------------------
       0C:  0234  _main                            
       0C:  0334  _resume_isr                      
       0C:  0337  _sudav_isr                       
       0C:  034F  _usbreset_isr                    
       0C:  0367  _hispeed_isr                     
       0C:  037F  _suspend_isr                     
       0C:  0397  _main_init                       
       0C:  041E  _main_loop                       
       0C:  05F9  _handle_set_configuration        
       0C:  0600  _handle_get_configuration        
       0C:  0604  _handle_vendorcommand            
       0C:  0608  _handle_get_interface            
       0C:  061D  _handle_set_interface            
       0C:  0AB0  _sof_isr                         
       0C:  0AC6  _sutok_isr                       
       0C:  0AC7  _ep0ack_isr                      
       0C:  0AC8  _ep0in_isr                       
       0C:  0AC9  _ep0out_isr                      
       0C:  0ACA  _ep1in_isr                       
       0C:  0ACB  _ep1out_isr                      
       0C:  0ACC  _ep2_isr                         
       0C:  0B14  _ep4_isr                         
       0C:  0B15  _ep6_isr                         
       0C:  0B16  _ep8_isr                         
       0C:  0B17  _ibn_isr                         
       0C:  0B18  _ep0ping_isr                     
       0C:  0B19  _ep1ping_isr                     
       0C:  0B1A  _ep2ping_isr                     
       0C:  0B1B  _ep4ping_isr                     
       0C:  0B1C  _ep6ping_isr                     
       0C:  0B1D  _ep8ping_isr                     
       0C:  0B1E  _errlimit_isr                    
       0C:  0B1F  _ep2isoerr_isr                   
       0C:  0B20  _ep4isoerr_isr                   
       0C:  0B21  _ep6isoerr_isr                   
       0C:  0B22  _ep8isoerr_isr                   
       0C:  0B23  _spare_isr                       
       0C:  0B24  _ep2pf_isr                       
       0C:  0B25  _ep4pf_isr                       
       0C:  0B26  _ep6pf_isr                       
       0C:  0B27  _ep8pf_isr                       
       0C:  0B28  _ep2ef_isr                       
       0C:  0B29  _ep4ef_isr                       
       0C:  0B2A  _ep6ef_isr                       
       0C:  0B2B  _ep8ef_isr                       
       0C:  0B2C  _ep2ff_isr                       
       0C:  0B2D  _ep4ff_isr                       
       0C:  0B2E  _ep6ff_isr                       
       0C:  0B2F  _ep8ff_isr                       
       0C:  0B30  _gpifdone_isr                    
ASxxxx Linker V02.00 + NoICE + sdld,  page 42.
Hexadecimal

Area                               Addr   Size   Decimal Bytes (Attributes)
--------------------------------   ----   ----   ------- ----- ------------
CSEG                               0234   11A0 =   4512. bytes (REL,CON,CODE)

      Value  Global                              Global Defined In Module
      -----  ---------------------------------   ------------------------
       0C:  0B31  _gpifwf_isr                      
       0C:  0B32  _handle_sync_frame               
       0C:  0B68  _handle_setupdata                
       0C:  0C9D  _ep_addr                         
       0C:  0CF7  _handle_get_status               
       0C:  0D83  _handle_clear_feature            
       0C:  0DD1  _handle_set_feature              
       0C:  0E59  _handle_hispeed                  
       0C:  0E84  _handle_get_descriptor           
       0C:  0F56  _i2c_write                       
       0C:  10C1  _i2c_read                        
       0C:  1246  _eeprom_write                    
       0C:  12DE  _eeprom_read                     
       0C:  1345  __gptrput                        
       0C:  135E  _delay                           
       0C:  13B4  __gptrget                        
       0C:  13D0  __sdcc_external_startup          

ASxxxx Linker V02.00 + NoICE + sdld,  page 43.
Hexadecimal

Area                               Addr   Size   Decimal Bytes (Attributes)
--------------------------------   ----   ----   ------- ----- ------------
CONST                              13D4   0000 =      0. bytes (REL,CON,CODE)

      Value  Global                              Global Defined In Module
      -----  ---------------------------------   ------------------------
ASxxxx Linker V02.00 + NoICE + sdld,  page 44.
Hexadecimal

Area                               Addr   Size   Decimal Bytes (Attributes)
--------------------------------   ----   ----   ------- ----- ------------
XINIT                              13D4   0010 =     16. bytes (REL,CON,CODE)

      Value  Global                              Global Defined In Module
      -----  ---------------------------------   ------------------------
ASxxxx Linker V02.00 + NoICE + sdld,  page 45.
Hexadecimal

Area                               Addr   Size   Decimal Bytes (Attributes)
--------------------------------   ----   ----   ------- ----- ------------
DSCR_AREA                          2E00   0128 =    296. bytes (REL,CON,CODE)

      Value  Global                              Global Defined In Module
      -----  ---------------------------------   ------------------------
       0C:  2E00  _dev_dscr                        
       0C:  2E12  _dev_qual_dscr                   
       0C:  2E1C  _highspd_dscr                    
       0C:  2EA4  _fullspd_dscr                    
       0C:  2EEE  _dev_strings                     
       0C:  2F26  _dev_strings_end                 

ASxxxx Linker V02.00 + NoICE + sdld,  page 46.
Hexadecimal

Area                               Addr   Size   Decimal Bytes (Attributes)
--------------------------------   ----   ----   ------- ----- ------------
INT2JT                             3000   00B8 =    184. bytes (REL,CON,CODE)

      Value  Global                              Global Defined In Module
      -----  ---------------------------------   ------------------------
       0C:  3000  _INT2JT                          

ASxxxx Linker V02.00 + NoICE + sdld,  page 47.

Files Linked                              [ module(s) ]

fw.rel                                    [ 
CYStream.rel                              [ 
dscr.rel                                  [ 


Libraries Linked                          [ object file ]

/usr/bin/../share/sdcc/lib/small/mcs51.l  [ crtclear.rel ]
/usr/bin/../share/sdcc/lib/small/mcs51.l  [ crtxinit.rel ]
../fx2lib/lib/fx2.lib                     [ setupdat ]
../fx2lib/lib/fx2.lib                     [ i2c ]
/usr/bin/../share/sdcc/lib/small/libsdcc  [ _gptrput.rel ]
../fx2lib/lib/fx2.lib                     [ usbav ]
/usr/bin/../share/sdcc/lib/small/mcs51.l  [ crtxclear.rel ]
../fx2lib/lib/fx2.lib                     [ delay ]
/usr/bin/../share/sdcc/lib/small/mcs51.l  [ crtstart.rel ]
/usr/bin/../share/sdcc/lib/small/libsdcc  [ _gptrget.rel ]
/usr/bin/../share/sdcc/lib/small/libsdcc  [ _startup.rel ]

ASxxxx Linker V02.00 + NoICE + sdld,  page 48.

User Base Address Definitions

HOME = 0x0000
XSEG = 0x3200
PSEG = 0x3200
ISEG = 0x0000
BSEG = 0x0000
DSCR_AREA = 0x2e00
INT2JT = 0x3000

